[backblue.gif]
[fade.gif]
[index.html]
[absoftindia.com/comments/feed/index.html]
[absoftindia.com/feed/index.html]
[c0.wp.com/c/5.5.14/wp-includes/css/dist/block-library/style.min.css]
[c0.wp.com/p/woocommerce/5.3.3/packages/woocommerce-blocks/build/vendors-style.css]
[c0.wp.com/p/woocommerce/5.3.3/packages/woocommerce-blocks/build/style.css]
[c0.wp.com/p/woocommerce/5.3.3/assets/css/woocommerce-layout.css]
[c0.wp.com/p/woocommerce/5.3.3/assets/css/woocommerce-smallscreen.css]
[c0.wp.com/p/woocommerce/5.3.3/assets/css/woocommerce.css]
[c0.wp.com/c/5.5.14/wp-includes/css/dashicons.min.css]
[absoftindia.com/wp-content/plugins/elementor/assets/lib/eicons/fonts/eicons0b93.eot]
[c0.wp.com/p/jetpack/9.4.2/_inc/social-logos/social-logos.min.css]
[c0.wp.com/p/jetpack/9.4.2/css/jetpack.css]
[c0.wp.com/c/5.5.14/wp-includes/js/jquery/jquery.js]
[absoftindia.com/wp-content/plugins/awesome-support/assets/admin/js/vendor/jquery.magnific-popup.min658f.js]
[absoftindia.com/wp-content/plugins/awesome-support/assets/admin/js/admin-popup658f.js]
[absoftindia.com/wp-content/plugins/google-analytics-dashboard-for-wp/assets/js/frontend-gtag.minbdeb.js]
[absoftindia.com/wp-content/plugins/woo-tabbed-category-product-listing/js/wtcpl-scriptsbfe0.js]
[absoftindia.com/wp-content/plugins/woo-tabbed-category-product-listing/js/jquery.scrollTo-1.4.3.1-minbfe0.js]
[stats.wp.com/s-202433.js]
[absoftindia.com/wp-content/plugins/widget-google-reviews/static/js/wpac-timebb23.js]
[absoftindia.com/wp-content/plugins/elementor/assets/lib/font-awesome/js/v4-shims.mine1e3.js]
[absoftindia.com/wp-json/index.html]
[absoftindia.com/wp-json/wp/v2/pages/3006.json]
[absoftindia.com/xmlrpc0db0.php]
[absoftindia.com/wp-includes/wlwmanifest.xml]
[absoftindia.com/wp-json/oembed/1.0/embed53f7.json]
[absoftindia.com/wp-json/oembed/1.0/embeda41f]
[i2.wp.com/absoftindia.com/wp-content/uploads/2023/07/cropped-Untitled-design-3-1e43b.png]
[i2.wp.com/absoftindia.com/wp-content/uploads/2023/07/cropped-Untitled-design-3-198d8.png]
[i2.wp.com/absoftindia.com/wp-content/uploads/2023/07/cropped-Untitled-design-3-1f9b5.png]
[i2.wp.com/absoftindia.com/wp-content/uploads/2023/07/cropped-Untitled-design-39fe7.png]
[i1.wp.com/absoftindia.com/wp-content/uploads/2023/07/Whytallyprime215b.png]
[i0.wp.com/absoftindia.com/wp-content/uploads/2023/07/simple-to-learn-easier-to-use7285.png]
[i1.wp.com/absoftindia.com/wp-content/uploads/2023/07/insightful-report9223.png]
[i2.wp.com/absoftindia.com/wp-content/uploads/2023/07/anywhere-anytime-and-secure-accesse480.png]
[absoftindia.com/wp-content/uploads/2023/07/india-website-assets-rel-3-01-GSTR-2A-2B-reconciliation-low.mp4]
[absoftindia.com/wp-content/uploads/2023/07/01-e-Invoice-and-e-Way-bill.mp4]
[absoftindia.com/wp-content/uploads/2023/07/india-website-assets-rel-3-02-magical-reporting-low.mp4]
[i1.wp.com/absoftindia.com/wp-content/uploads/2023/06/TallyPrime-logo931f.png]
[absoftindia.com/wp-content/plugins/jetpack/modules/sharedaddy/images/loading.gif]
[c0.wp.com/p/woocommerce/5.3.3/assets/css/photoswipe/photoswipe.min.css]
[c0.wp.com/p/woocommerce/5.3.3/assets/css/photoswipe/default-skin/default-skin.min.css]
[absoftindia.com/wp-content/plugins/click-to-chat-for-whatsapp/new/inc/assets/js/appe56c.js]
[c0.wp.com/p/jetpack/9.4.2/_inc/build/photon/photon.min.js]
[absoftindia.com/wp-content/plugins/woolentor-addons/woolentor-blocks/src/assets/js/script6fca.js]
[c0.wp.com/c/5.5.14/wp-includes/js/dist/vendor/wp-polyfill.min.js]
[absoftindia.com/wp-includes/js/dist/vendor/wp-polyfill-fetch.min6e0e.js]
[absoftindia.com/wp-includes/js/dist/vendor/wp-polyfill-node-contains.min2e00.js]
[absoftindia.com/wp-includes/js/dist/vendor/wp-polyfill-dom-rect.min2e00.js]
[absoftindia.com/wp-includes/js/dist/vendor/wp-polyfill-url.min5aed.js]
[absoftindia.com/wp-includes/js/dist/vendor/wp-polyfill-formdata.mine9bd.js]
[absoftindia.com/wp-includes/js/dist/vendor/wp-polyfill-element-closest.min4c56.js]
[absoftindia.com/wp-content/plugins/contact-form-7/includes/js/indexc225.js]
[c0.wp.com/p/woocommerce/5.3.3/assets/js/jquery-blockui/jquery.blockUI.min.js]
[c0.wp.com/p/woocommerce/5.3.3/assets/js/frontend/add-to-cart.min.js]
[c0.wp.com/p/woocommerce/5.3.3/assets/js/js-cookie/js.cookie.min.js]
[c0.wp.com/p/woocommerce/5.3.3/assets/js/frontend/woocommerce.min.js]
[c0.wp.com/p/woocommerce/5.3.3/assets/js/frontend/cart-fragments.min.js]
[absoftindia.com/wp-content/plugins/wp-smushit/app/assets/js/smush-lazy-load.min38b5.js]
[absoftindia.com/wp-content/themes/futurio/js/bootstrap.min7433.js]
[absoftindia.com/wp-content/themes/futurio/js/customscript91ce.js]
[absoftindia.com/wp-content/plugins/custom-page-templates-by-vegacorp/assets/js/init576c.js]
[absoftindia.com/wp-content/plugins/essential-addons-for-elementor-lite/assets/front-end/js/view/general.min9dff.js]
[c0.wp.com/c/5.5.14/wp-includes/js/hoverIntent.min.js]
[absoftindia.com/wp-content/plugins/megamenu/js/maxmegamenu4315.js]
[c0.wp.com/c/5.5.14/wp-includes/js/wp-embed.min.js]
[c0.wp.com/p/jetpack/9.4.2/_inc/build/postmessage.min.js]
[c0.wp.com/p/jetpack/9.4.2/_inc/build/jquery.jetpack-resize.min.js]
[c0.wp.com/p/jetpack/9.4.2/_inc/build/likes/queuehandler.min.js]
[absoftindia.com/wp-content/plugins/elementor/assets/js/webpack.runtime.mine1e3.js]
[absoftindia.com/wp-content/plugins/elementor/assets/js/frontend-modules.mine1e3.js]
[absoftindia.com/wp-content/plugins/elementor/assets/lib/waypoints/waypoints.min05da.js]
[c0.wp.com/c/5.5.14/wp-includes/js/jquery/ui/position.min.js]
[absoftindia.com/wp-content/plugins/elementor/assets/lib/swiper/swiper.min48f5.js]
[absoftindia.com/wp-content/plugins/elementor/assets/lib/share-link/share-link.mine1e3.js]
[absoftindia.com/wp-content/plugins/elementor/assets/lib/dialog/dialog.mina288.js]
[absoftindia.com/wp-content/plugins/elementor/assets/js/frontend.mine1e3.js]
[absoftindia.com/wp-content/plugins/elementor/assets/js/preloaded-modules.mine1e3.js]
[c0.wp.com/c/5.5.14/wp-includes/js/underscore.min.js]
[c0.wp.com/c/5.5.14/wp-includes/js/wp-util.min.js]
[absoftindia.com/wp-content/plugins/wpforms-lite/assets/js/integrations/elementor/frontend.minbb89.js]
[c0.wp.com/p/woocommerce/5.3.3/assets/js/zoom/jquery.zoom.min.js]
[c0.wp.com/p/woocommerce/5.3.3/assets/js/flexslider/jquery.flexslider.min.js]
[c0.wp.com/p/woocommerce/5.3.3/assets/js/photoswipe/photoswipe.min.js]
[c0.wp.com/p/woocommerce/5.3.3/assets/js/photoswipe/photoswipe-ui-default.min.js]
[c0.wp.com/p/woocommerce/5.3.3/assets/js/frontend/add-to-cart-variation.min.js]
[c0.wp.com/p/woocommerce/5.3.3/assets/js/frontend/single-product.min.js]
[c0.wp.com/p/jetpack/9.4.2/_inc/build/sharedaddy/sharing.min.js]
[absoftindia.com/tallyprime/index.html]
[absoftindia.com/wp-content/plugins/awesome-support/assets/admin/css/vendor/magnific-popup658f.css]
[absoftindia.com/wp-content/plugins/awesome-support/assets/admin/css/admin-popup658f.css]
[c0.wp.com/c/5.5.14/wp-includes/css/dist/block-library/style.min.css]
[c0.wp.com/p/woocommerce/5.3.3/packages/woocommerce-blocks/build/vendors-style.css]
[c0.wp.com/p/woocommerce/5.3.3/packages/woocommerce-blocks/build/style.css]
[absoftindia.com/wp-content/plugins/woolentor-addons/woolentor-blocks/src/assets/css/common-style6fca.css]
[absoftindia.com/wp-content/plugins/woolentor-addons/woolentor-blocks/src/assets/css/style-index6fca.css]
[absoftindia.com/wp-content/plugins/contact-form-7/includes/css/stylesc225.css]
[absoftindia.com/wp-content/plugins/futurio-extra/css/style91ce.css]
[absoftindia.com/wp-content/plugins/woo-tabbed-category-product-listing/css/wtcpl-stylesbfe0.css]
[c0.wp.com/p/woocommerce/5.3.3/assets/css/woocommerce-layout.css]
[c0.wp.com/p/woocommerce/5.3.3/assets/css/woocommerce-smallscreen.css]
[c0.wp.com/p/woocommerce/5.3.3/assets/css/woocommerce.css]
[c0.wp.com/c/5.5.14/wp-includes/css/dashicons.min.css]
[stats.wp.com/e-202433.js]
[absoftindia.com/wp-content/plugins/elementor/assets/lib/font-awesome/fonts/fontawesome-webfont3e6e.eot]
[absoftindia.com/wp-content/plugins/elementor/assets/lib/font-awesome/fonts/fontawesome-webfontd41d.eot]
[absoftindia.com/wp-content/plugins/elementor/assets/lib/font-awesome/fonts/fontawesome-webfont3e6e.woff2]
[absoftindia.com/wp-content/plugins/elementor/assets/lib/font-awesome/fonts/fontawesome-webfont3e6e.woff]
[absoftindia.com/wp-content/plugins/elementor/assets/lib/font-awesome/fonts/fontawesome-webfont3e6e.ttf]
[absoftindia.com/wp-content/plugins/elementor/assets/lib/font-awesome/css/font-awesome.min1849.css]
[absoftindia.com/wp-content/plugins/woolentor-addons/assets/fonts/Simple-Line-Iconsb26c.eot]
[absoftindia.com/wp-content/plugins/woolentor-addons/assets/fonts/Simple-Line-Iconsb26c.woff2]
[absoftindia.com/wp-content/plugins/woolentor-addons/assets/fonts/Simple-Line-Iconsb26c.ttf]
[absoftindia.com/wp-content/plugins/woolentor-addons/assets/fonts/Simple-Line-Iconsb26c.woff]
[absoftindia.com/wp-content/plugins/woolentor-addons/assets/css/simple-line-icons6fca.css]
[absoftindia.com/wp-content/plugins/woolentor-addons/assets/css/htflexboxgrid6fca.css]
[absoftindia.com/wp-content/plugins/woolentor-addons/assets/css/slick6fca.css]
[absoftindia.com/wp-content/plugins/woolentor-addons/assets/images/selector-icon.png]
[absoftindia.com/wp-content/plugins/woolentor-addons/assets/images/check.png]
[absoftindia.com/wp-content/plugins/woolentor-addons/assets/css/woolentor-widgets6fca.css]
[absoftindia.com/wp-content/plugins/ajax-search-for-woocommerce/assets/css/style.mina4e6.css]
[absoftindia.com/wp-content/themes/futurio/css/bootstrap7433.css]
[absoftindia.com/wp-content/themes/futurio/style91ce.css]
[absoftindia.com/wp-content/plugins/widget-google-reviews/static/css/google-reviewbb23.css]
[absoftindia.com/wp-content/plugins/woocommerce/assets/fonts/WooCommerce.eot]
[absoftindia.com/wp-content/plugins/woocommerce/assets/fonts/WooCommerced41d.eot]
[absoftindia.com/wp-content/plugins/woocommerce/assets/fonts/WooCommerce.woff]
[absoftindia.com/wp-content/plugins/woocommerce/assets/fonts/WooCommerce.ttf]
[absoftindia.com/wp-content/plugins/woo-custom-add-to-cart-button/assets/css/wc-custom-add-to-cart.mind279.css]
[absoftindia.com/wp-content/plugins/custom-page-templates-by-vegacorp/assets/styles576c.css]
[absoftindia.com/wp-content/plugins/elementor/assets/lib/eicons/fonts/eiconsa481.eot]
[absoftindia.com/wp-content/plugins/elementor/assets/lib/eicons/fonts/eiconsa481.woff2]
[absoftindia.com/wp-content/plugins/elementor/assets/lib/eicons/fonts/eiconsa481.woff]
[absoftindia.com/wp-content/plugins/elementor/assets/lib/eicons/fonts/eiconsa481.ttf]
[absoftindia.com/wp-content/plugins/elementor/assets/lib/eicons/css/elementor-icons.min21f9.css]
[absoftindia.com/wp-content/plugins/elementor/assets/lib/animations/animations.mine1e3.css]
[absoftindia.com/wp-content/plugins/elementor/assets/css/frontend-legacy.mine1e3.css]
[absoftindia.com/wp-content/plugins/elementor/assets/css/frontend.mine1e3.css]
[absoftindia.com/wp-content/uploads/elementor/css/post-9427cf4.css]
[absoftindia.com/wp-content/plugins/elementor/assets/lib/font-awesome/webfonts/fa-brands-400.eot]
[absoftindia.com/wp-content/plugins/elementor/assets/lib/font-awesome/webfonts/fa-brands-400d41d.eot]
[absoftindia.com/wp-content/plugins/elementor/assets/lib/font-awesome/webfonts/fa-brands-400.woff2]
[absoftindia.com/wp-content/plugins/elementor/assets/lib/font-awesome/webfonts/fa-brands-400.woff]
[absoftindia.com/wp-content/plugins/elementor/assets/lib/font-awesome/webfonts/fa-brands-400.ttf]
[absoftindia.com/wp-content/plugins/elementor/assets/lib/font-awesome/webfonts/fa-regular-400.eot]
[absoftindia.com/wp-content/plugins/elementor/assets/lib/font-awesome/webfonts/fa-regular-400d41d.eot]
[absoftindia.com/wp-content/plugins/elementor/assets/lib/font-awesome/webfonts/fa-regular-400.woff2]
[absoftindia.com/wp-content/plugins/elementor/assets/lib/font-awesome/webfonts/fa-regular-400.woff]
[absoftindia.com/wp-content/plugins/elementor/assets/lib/font-awesome/webfonts/fa-regular-400.ttf]
[absoftindia.com/wp-content/plugins/elementor/assets/lib/font-awesome/webfonts/fa-solid-900.eot]
[absoftindia.com/wp-content/plugins/elementor/assets/lib/font-awesome/webfonts/fa-solid-900d41d.eot]
[absoftindia.com/wp-content/plugins/elementor/assets/lib/font-awesome/webfonts/fa-solid-900.woff2]
[absoftindia.com/wp-content/plugins/elementor/assets/lib/font-awesome/webfonts/fa-solid-900.woff]
[absoftindia.com/wp-content/plugins/elementor/assets/lib/font-awesome/webfonts/fa-solid-900.ttf]
[absoftindia.com/wp-content/plugins/elementor/assets/lib/font-awesome/css/all.mine1e3.css]
[absoftindia.com/wp-content/plugins/elementor/assets/lib/font-awesome/css/v4-shims.mine1e3.css]
[absoftindia.com/wp-content/uploads/elementor/css/post-30065921.css]
[absoftindia.com/wp-content/plugins/essential-addons-for-elementor-lite/assets/front-end/css/view/general.min9dff.css]
[absoftindia.com/wp-content/fonts/roboto/KFOlCnqEu92Fr1MmSU5fCRc-AMP6lbBP.woff]
[absoftindia.com/wp-content/fonts/roboto/KFOlCnqEu92Fr1MmSU5fABc-AMP6lbBP.woff]
[absoftindia.com/wp-content/fonts/roboto/KFOlCnqEu92Fr1MmSU5fCBc-AMP6lbBP.woff]
[absoftindia.com/wp-content/fonts/roboto/KFOlCnqEu92Fr1MmSU5fBxc-AMP6lbBP.woff]
[absoftindia.com/wp-content/fonts/roboto/KFOlCnqEu92Fr1MmSU5fCxc-AMP6lbBP.woff]
[absoftindia.com/wp-content/fonts/roboto/KFOlCnqEu92Fr1MmSU5fChc-AMP6lbBP.woff]
[absoftindia.com/wp-content/fonts/roboto/KFOlCnqEu92Fr1MmSU5fBBc-AMP6lQ.woff]
[absoftindia.com/wp-content/fonts/roboto/KFOmCnqEu92Fr1Mu72xMKTU1Kvnz.woff]
[absoftindia.com/wp-content/fonts/roboto/KFOmCnqEu92Fr1Mu5mxMKTU1Kvnz.woff]
[absoftindia.com/wp-content/fonts/roboto/KFOmCnqEu92Fr1Mu7mxMKTU1Kvnz.woff]
[absoftindia.com/wp-content/fonts/roboto/KFOmCnqEu92Fr1Mu4WxMKTU1Kvnz.woff]
[absoftindia.com/wp-content/fonts/roboto/KFOmCnqEu92Fr1Mu7WxMKTU1Kvnz.woff]
[absoftindia.com/wp-content/fonts/roboto/KFOmCnqEu92Fr1Mu7GxMKTU1Kvnz.woff]
[absoftindia.com/wp-content/fonts/roboto/KFOmCnqEu92Fr1Mu4mxMKTU1Kg.woff]
[absoftindia.com/wp-content/fonts/roboto/KFOlCnqEu92Fr1MmWUlfCRc-AMP6lbBP.woff]
[absoftindia.com/wp-content/fonts/roboto/KFOlCnqEu92Fr1MmWUlfABc-AMP6lbBP.woff]
[absoftindia.com/wp-content/fonts/roboto/KFOlCnqEu92Fr1MmWUlfCBc-AMP6lbBP.woff]
[absoftindia.com/wp-content/fonts/roboto/KFOlCnqEu92Fr1MmWUlfBxc-AMP6lbBP.woff]
[absoftindia.com/wp-content/fonts/roboto/KFOlCnqEu92Fr1MmWUlfCxc-AMP6lbBP.woff]
[absoftindia.com/wp-content/fonts/roboto/KFOlCnqEu92Fr1MmWUlfChc-AMP6lbBP.woff]
[absoftindia.com/wp-content/fonts/roboto/KFOlCnqEu92Fr1MmWUlfBBc-AMP6lQ.woff]
[absoftindia.com/wp-content/fonts/roboto/KFOlCnqEu92Fr1MmYUtfCRc-AMP6lbBP.woff]
[absoftindia.com/wp-content/fonts/roboto/KFOlCnqEu92Fr1MmYUtfABc-AMP6lbBP.woff]
[absoftindia.com/wp-content/fonts/roboto/KFOlCnqEu92Fr1MmYUtfCBc-AMP6lbBP.woff]
[absoftindia.com/wp-content/fonts/roboto/KFOlCnqEu92Fr1MmYUtfBxc-AMP6lbBP.woff]
[absoftindia.com/wp-content/fonts/roboto/KFOlCnqEu92Fr1MmYUtfCxc-AMP6lbBP.woff]
[absoftindia.com/wp-content/fonts/roboto/KFOlCnqEu92Fr1MmYUtfChc-AMP6lbBP.woff]
[absoftindia.com/wp-content/fonts/roboto/KFOlCnqEu92Fr1MmYUtfBBc-AMP6lQ.woff]
[absoftindia.com/wp-content/fonts/montserrat/JTUHjIg1_i6t8kCHKm4532VJOt5-QNFgpCvC73w0aXx-p7K4GLvztg.woff]
[absoftindia.com/wp-content/fonts/montserrat/JTUHjIg1_i6t8kCHKm4532VJOt5-QNFgpCvC73w9aXx-p7K4GLvztg.woff]
[absoftindia.com/wp-content/fonts/montserrat/JTUHjIg1_i6t8kCHKm4532VJOt5-QNFgpCvC73w2aXx-p7K4GLvztg.woff]
[absoftindia.com/wp-content/fonts/montserrat/JTUHjIg1_i6t8kCHKm4532VJOt5-QNFgpCvC73w3aXx-p7K4GLvztg.woff]
[absoftindia.com/wp-content/fonts/montserrat/JTUHjIg1_i6t8kCHKm4532VJOt5-QNFgpCvC73w5aXx-p7K4GLs.woff]
[absoftindia.com/index8e72.html]
[c0.wp.com/p/jetpack/9.4.2/_inc/social-logos/social-logosc8bb.eot]
[c0.wp.com/p/jetpack/9.4.2/_inc/social-logos/social-logosc8bb.ttf]
[c0.wp.com/p/jetpack/9.4.2/_inc/social-logos/social-logos.min.css]
[c0.wp.com/p/jetpack/9.4.2/modules/carousel/images/arrows.png]
[c0.wp.com/p/jetpack/9.4.2/modules/carousel/images/arrows-2x.png]
[c0.wp.com/p/jetpack/9.4.2/modules/carousel/images/carousel-spritee4da.png]
[c0.wp.com/p/jetpack/9.4.2/modules/carousel/images/carousel-sprite-2xe4da.png]
[c0.wp.com/p/jetpack/9.4.2/modules/shortcodes/img/slideshow-controls.png]
[c0.wp.com/p/jetpack/9.4.2/modules/shortcodes/img/slideshow-controls-2x.png]
[c0.wp.com/p/jetpack/9.4.2/modules/shortcodes/images/slide-nav.png]
[c0.wp.com/p/jetpack/9.4.2/modules/shortcodes/images/expand.png]
[c0.wp.com/p/jetpack/9.4.2/modules/shortcodes/images/collapse.png]
[secure.gravatar.com/images/grav-share-sprite.png]
[c0.wp.com/p/jetpack/9.4.2/css/jetpack.css]
[absoftindia.com/wp-content/uploads/2019/01/3256657136926fa.html]
[absoftindia.com/wp-json/wp/v2/pages/109.json]
[absoftindia.com/wp-json/oembed/1.0/embed0ec6.json]
[absoftindia.com/wp-json/oembed/1.0/embed40af]
[i0.wp.com/absoftindia.com/wp-content/uploads/2024/03/Tallyprime-4.1d777.jpg]
[i0.wp.com/absoftindia.com/wp-content/uploads/2022/09/slider-1-1d777.png]
[i1.wp.com/absoftindia.com/wp-content/uploads/2023/06/tally-primed777.jpg]
[i1.wp.com/absoftindia.com/wp-content/uploads/2023/01/WhatsApp-Image-2023-01-07-at-12.17.44-PMd777.jpg]
[i2.wp.com/absoftindia.com/wp-content/uploads/2022/09/slider-2-1d777.png]
[i0.wp.com/absoftindia.com/wp-content/uploads/2023/07/tss-renewald777.png]
[i2.wp.com/absoftindia.com/wp-content/uploads/2022/09/slider-6-3d777.png]
[i1.wp.com/absoftindia.com/wp-content/uploads/2023/06/TallyPrime-logobd59.png]
[i0.wp.com/absoftindia.com/wp-content/uploads/2023/07/sales-partner-certificates2b91.png]
[i2.wp.com/absoftindia.com/wp-content/uploads/2023/06/growth-partner743b.png]
[i1.wp.com/absoftindia.com/wp-content/uploads/2023/06/cash-flow-management-for-businesses4cff.png]
[i1.wp.com/absoftindia.com/wp-content/uploads/2023/06/Enhanced-Business-Efficiency0e9e.jpg]
[i1.wp.com/absoftindia.com/wp-content/uploads/2023/06/tax-compliance-made-easy6f9a.png]
[i0.wp.com/absoftindia.com/wp-content/uploads/2020/03/010e9e.jpg]
[i0.wp.com/absoftindia.com/wp-content/uploads/2020/03/020e9e.jpg]
[i2.wp.com/absoftindia.com/wp-content/uploads/2020/03/030e9e.jpg]
[i0.wp.com/absoftindia.com/wp-content/uploads/2020/03/040e9e.jpg]
[i1.wp.com/absoftindia.com/wp-content/uploads/2020/03/050e9e.jpg]
[i1.wp.com/absoftindia.com/wp-content/uploads/2020/03/060e9e.jpg]
[i2.wp.com/absoftindia.com/wp-content/uploads/2020/03/070e9e.jpg]
[i2.wp.com/absoftindia.com/wp-content/uploads/2020/03/080e9e.jpg]
[i1.wp.com/absoftindia.com/wp-content/uploads/2020/03/090e9e.jpg]
[i2.wp.com/absoftindia.com/wp-content/uploads/2023/11/Accenture-logo0e9e.png]
[i2.wp.com/absoftindia.com/wp-content/uploads/2023/11/Kisankonnect-logo10e9e.png]
[i2.wp.com/absoftindia.com/wp-content/uploads/2023/11/TMC-logo0e9e.png]
[i0.wp.com/absoftindia.com/wp-content/uploads/2023/11/Zydus-alidac-Logo0e9e.png]
[i2.wp.com/absoftindia.com/wp-content/uploads/2023/11/Kansai-Nerolac-Paint0e9e.png]
[absoftindia.com/wp-content/plugins/futurio-extra/lib/elementor/widgets/js/typed.min8daf.js]
[absoftindia.com/wp-content/plugins/futurio-extra/lib/elementor/widgets/js/frontend91ce.js]
[absoftindia.com/wp-content/plugins/woolentor-addons/assets/js/slick.min6fca.js]
[absoftindia.com/wp-content/plugins/woolentor-addons/assets/js/woolentor-widgets-active6fca.js]
[absoftindia.com/index.html]
[absoftindia.com/wp-json/wp/v2/pages/3605.json]
[absoftindia.com/wp-json/oembed/1.0/embed04f9.json]
[absoftindia.com/wp-json/oembed/1.0/embed73b0]
[absoftindia.com/buy-tally/index.html]
[c0.wp.com/p/woocommerce/5.3.3/assets/css/select2.css]
[absoftindia.com/wp-json/wp/v2/pages/5.json]
[absoftindia.com/wp-json/oembed/1.0/embed6f36.json]
[absoftindia.com/wp-json/oembed/1.0/embedf85d]
[c0.wp.com/p/woocommerce/5.3.3/assets/js/frontend/country-select.min.js]
[c0.wp.com/p/woocommerce/5.3.3/assets/js/frontend/address-i18n.min.js]
[c0.wp.com/p/woocommerce/5.3.3/assets/js/frontend/cart.min.js]
[absoftindia.com/cart/index.html]
[c0.wp.com/p/woocommerce/5.3.3/assets/js/selectWoo/selectWoo.full.min.js]
[absoftindia.com/wp-json/wp/v2/pages/261.json]
[absoftindia.com/wp-json/oembed/1.0/embede897.json]
[absoftindia.com/wp-json/oembed/1.0/embed8afd]
[i1.wp.com/absoftindia.com/wp-content/uploads/2023/06/Sales_and_Implementation_5bb81.png]
[absoftindia.com/about-us/index.html]
[absoftindia.com/wp-json/wp/v2/pages/4222.json]
[absoftindia.com/wp-json/oembed/1.0/embed7d54.json]
[absoftindia.com/wp-json/oembed/1.0/embeddb40]
[i0.wp.com/absoftindia.com/wp-content/uploads/2019/01/happy-business-team-celebrating-successful-startup_1262-16182129b.jpg]
[absoftindia.com/wp-content/plugins/elementor/assets/lib/jquery-numerator/jquery-numerator.min3958.js]
[absoftindia.com/why-absoft-2/index.html]
[absoftindia.com/wp-json/wp/v2/pages/3169.json]
[absoftindia.com/wp-json/oembed/1.0/embed1ab0.json]
[absoftindia.com/wp-json/oembed/1.0/embed6e8e]
[absoftindia.com/tss-renewals/index.html]
[absoftindia.com/wp-json/wp/v2/pages/3189.json]
[absoftindia.com/wp-json/oembed/1.0/embed27c7.json]
[absoftindia.com/wp-json/oembed/1.0/embed230f]
[absoftindia.com/upgrade/index.html]
[absoftindia.com/wp-json/wp/v2/pages/2344.json]
[absoftindia.com/wp-json/oembed/1.0/embed4f2f.json]
[absoftindia.com/wp-json/oembed/1.0/embed3b12]
[i0.wp.com/absoftindia.com/wp-content/uploads/2022/11/TallyPrime-Server6963.png]
[i0.wp.com/absoftindia.com/wp-content/uploads/2022/11/high-concurrency1335.png]
[i1.wp.com/absoftindia.com/wp-content/uploads/2022/11/secured-by-designe09c.png]
[i1.wp.com/absoftindia.com/wp-content/uploads/2022/11/high-reliability1335.png]
[i2.wp.com/absoftindia.com/wp-content/uploads/2022/11/business-process-optimization1335.png]
[absoftindia.com/tally-prime-server/index.html]
[absoftindia.com/wp-json/wp/v2/pages/3638.json]
[absoftindia.com/wp-json/oembed/1.0/embed7e12.json]
[absoftindia.com/wp-json/oembed/1.0/embed8b9b]
[absoftindia.com/add-ons/index.html]
[absoftindia.com/wp-json/wp/v2/pages/2391.json]
[absoftindia.com/wp-json/oembed/1.0/embedd046.json]
[absoftindia.com/wp-json/oembed/1.0/embed74af]
[i1.wp.com/absoftindia.com/wp-content/uploads/2022/11/Imagerdio-1643208133898f415.jpg]
[i1.wp.com/absoftindia.com/wp-content/uploads/2022/11/stay_connected1391.png]
[i2.wp.com/absoftindia.com/wp-content/uploads/2022/11/outstanding_reminderb2b9.png]
[i2.wp.com/absoftindia.com/wp-content/uploads/2022/11/analyse_growee67.png]
[i1.wp.com/absoftindia.com/wp-content/uploads/2022/11/productive6fe4.png]
[i0.wp.com/absoftindia.com/wp-content/uploads/2022/11/check_in_check_outae28.png]
[absoftindia.com/bizanalyst/index.html]
[absoftindia.com/wp-json/wp/v2/pages/2617.json]
[absoftindia.com/wp-json/oembed/1.0/embedc191.json]
[absoftindia.com/wp-json/oembed/1.0/embedad92]
[i0.wp.com/absoftindia.com/wp-content/uploads/2022/12/Domain-expertise-01e803.png]
[i1.wp.com/absoftindia.com/wp-content/uploads/2022/12/icon-roie09c.png]
[i1.wp.com/absoftindia.com/wp-content/uploads/2022/12/how-it-works-icon-1a87c.png]
[i0.wp.com/absoftindia.com/wp-content/uploads/2022/12/eis1ba8.png]
[i0.wp.com/absoftindia.com/wp-content/uploads/2022/12/47275151ba8.png]
[i1.wp.com/absoftindia.com/wp-content/uploads/2022/12/mt833264.iot-edge-en-us-msdn.10-1a828.png]
[i1.wp.com/absoftindia.com/wp-content/uploads/2022/12/migration-HenriFayolsPrinciplesofManagementIMGTedf1.jpg]
[i0.wp.com/absoftindia.com/wp-content/uploads/2023/07/downloadb0fa.png]
[i1.wp.com/absoftindia.com/wp-content/uploads/2022/12/372-3729476_core-values-icon-of-core-value699b.png]
[i1.wp.com/absoftindia.com/wp-content/uploads/2022/12/8809221ba8.png]
[i0.wp.com/absoftindia.com/wp-content/uploads/2022/12/about-mission-icon0e9e.png]
[i2.wp.com/absoftindia.com/wp-content/uploads/2022/12/image-441969.png]
[i2.wp.com/absoftindia.com/wp-content/uploads/2022/12/2199581-11ba8.png]
[i2.wp.com/absoftindia.com/wp-content/uploads/2022/12/Twitter-on-geo-tagging-issue_mybigplunge49a2.jpg]
[absoftindia.com/spine_software/index.html]
[absoftindia.com/wp-json/wp/v2/pages/3822.json]
[absoftindia.com/wp-json/oembed/1.0/embeda8ee.json]
[absoftindia.com/wp-json/oembed/1.0/embed8b01]
[i2.wp.com/absoftindia.com/wp-content/uploads/2023/07/tally-on-cloud249b.png]
[absoftindia.com/tally-on-cloud/index.html]
[absoftindia.com/wp-json/wp/v2/pages/3827.json]
[absoftindia.com/wp-json/oembed/1.0/embedcfc0.json]
[absoftindia.com/wp-json/oembed/1.0/embed20d7]
[i0.wp.com/absoftindia.com/wp-content/uploads/2023/06/4269151ba8.png]
[i2.wp.com/absoftindia.com/wp-content/uploads/2023/06/In-one-place0e9e.png]
[i0.wp.com/absoftindia.com/wp-content/uploads/2023/06/Economical8988.png]
[i0.wp.com/absoftindia.com/wp-content/uploads/2023/06/Flexibility0e9e.png]
[i2.wp.com/absoftindia.com/wp-content/uploads/2023/06/Platform-Agnostic0e9e.png]
[i2.wp.com/absoftindia.com/wp-content/uploads/2020/01/new-absoft8ae2.png]
[absoftindia.com/tallyprime-aws/index.html]
[absoftindia.com/wp-json/wp/v2/pages/4768.json]
[absoftindia.com/wp-json/oembed/1.0/embed77fb.json]
[absoftindia.com/wp-json/oembed/1.0/embedc2b4]
[absoftindia.com/ready-customized-modules/index.html]
[absoftindia.com/wp-json/wp/v2/pages/4770.json]
[absoftindia.com/wp-json/oembed/1.0/embed08db.json]
[absoftindia.com/wp-json/oembed/1.0/embeddde0]
[absoftindia.com/customized-tally-as-per-requirements/index.html]
[absoftindia.com/wp-json/wp/v2/pages/4773.json]
[absoftindia.com/wp-json/oembed/1.0/embed4fac.json]
[absoftindia.com/wp-json/oembed/1.0/embed4f4a]
[absoftindia.com/integrate-tally-with-other-databases/index.html]
[absoftindia.com/wp-json/wp/v2/pages/269.json]
[absoftindia.com/wp-json/oembed/1.0/embed7ad6.json]
[absoftindia.com/wp-json/oembed/1.0/embed88ea]
[absoftindia.com/tally-support-onsite-remote/index.html]
[absoftindia.com/wp-json/wp/v2/pages/1006.json]
[absoftindia.com/wp-json/oembed/1.0/embed3ee8.json]
[absoftindia.com/wp-json/oembed/1.0/embedc5c5]
[i0.wp.com/absoftindia.com/wp-content/uploads/2022/07/AMC-Package_-1-840x300-183d5.jpg]
[absoftindia.com/tally-amc/index.html]
[absoftindia.com/wp-json/wp/v2/pages/271.json]
[absoftindia.com/wp-json/oembed/1.0/embed2a10.json]
[absoftindia.com/wp-json/oembed/1.0/embed4260]
[i0.wp.com/absoftindia.com/wp-content/uploads/2022/07/Tally-img-282bb.jpg]
[absoftindia.com/tally-training/index.html]
[absoftindia.com/wp-json/wp/v2/pages/273.json]
[absoftindia.com/wp-json/oembed/1.0/embed3d53.json]
[absoftindia.com/wp-json/oembed/1.0/embed3f99]
[i2.wp.com/absoftindia.com/wp-content/uploads/2023/06/what-is-tally-customization-1e884.png]
[absoftindia.com/tally-customization/index.html]
[absoftindia.com/wp-json/wp/v2/pages/2395.json]
[absoftindia.com/wp-json/oembed/1.0/embedf2c8.json]
[absoftindia.com/wp-json/oembed/1.0/embed49dd]
[i2.wp.com/absoftindia.com/wp-content/uploads/2022/11/27819971ba8.png]
[i0.wp.com/absoftindia.com/wp-content/uploads/2022/11/hris-concept-icon-hr-software-idea-thin-line-vector-29112953-188ef.jpg]
[i2.wp.com/absoftindia.com/wp-content/uploads/2022/11/payroll-rgb-color-icon-vector-35172778def8.jpg]
[i2.wp.com/absoftindia.com/wp-content/uploads/2022/11/management-of-leave1ba8.png]
[i2.wp.com/absoftindia.com/wp-content/uploads/2022/11/427529-2000e9e.png]
[i2.wp.com/absoftindia.com/wp-content/uploads/2022/11/financial-care-2-5121ba8.jpg]
[i1.wp.com/absoftindia.com/wp-content/uploads/2022/11/38686411ba8.png]
[i0.wp.com/absoftindia.com/wp-content/uploads/2022/11/3995267-2000e9e.png]
[i2.wp.com/absoftindia.com/wp-content/uploads/2022/11/download-17533.png]
[absoftindia.com/hris-payroll/index.html]
[absoftindia.com/wp-json/wp/v2/pages/1135.json]
[absoftindia.com/wp-json/oembed/1.0/embed1890.json]
[absoftindia.com/wp-json/oembed/1.0/embed94ca]
[absoftindia.com/wp-content/uploads/2020/04/WhatsApp-Video-2020-04-22-at-9.51.40-AM.mp4]
[absoftindia.com/wp-content/uploads/2020/04/WhatsApp-Video-2020-04-22-at-9.51.40-AM1.mp4]
[absoftindia.com/wp-content/uploads/2020/04/WhatsApp-Video-2020-04-22-at-9.51.40-AM2.mp4]
[absoftindia.com/wp-content/uploads/2020/04/WhatsApp-Video-2020-04-22-at-9.51.41-AM.mp4]
[absoftindia.com/wp-content/uploads/2020/04/WhatsApp-Video-2020-04-22-at-9.51.41-AM1.mp4]
[absoftindia.com/wp-content/uploads/2020/04/WhatsApp-Video-2020-04-22-at-9.51.41-AM2.mp4]
[absoftindia.com/wp-content/uploads/2020/04/WhatsApp-Video-2020-04-22-at-9.51.41-AM3.mp4]
[absoftindia.com/wp-content/uploads/2020/04/WhatsApp-Video-2020-04-22-at-9.51.42-AM.mp4]
[absoftindia.com/wp-content/uploads/2020/04/WhatsApp-Video-2020-04-22-at-9.51.42-AM1.mp4]
[c0.wp.com/c/5.5.14/wp-includes/js/jquery/ui/core.min.js]
[absoftindia.com/wp-content/uploads/1df32be1b86854511634d69200dd0e9e04f6.js]
[absoftindia.com/tally-learning/index.html]
[absoftindia.com/wp-json/wp/v2/pages/153.json]
[absoftindia.com/wp-json/oembed/1.0/embed4176.json]
[absoftindia.com/wp-json/oembed/1.0/embedef8d]
[absoftindia.com/contact/index.html]
[absoftindia.com/wp-json/wp/v2/pages/1209.json]
[absoftindia.com/wp-json/oembed/1.0/embed1e52.json]
[absoftindia.com/wp-json/oembed/1.0/embed61c6]
[absoftindia.com/faq/index.html]
[absoftindia.com/wp-json/wp/v2/pages/297.json]
[absoftindia.com/wp-json/oembed/1.0/embed1b1d.json]
[absoftindia.com/wp-json/oembed/1.0/embed4e42]
[i0.wp.com/absoftindia.com/wp-content/uploads/2023/06/Fun-At-Worka5c1.jpg]
[absoftindia.com/careers/index.html]
[i2.wp.com/absoftindia.com/wp-content/uploads/2020/05/1402798_3e7a5af0.jpg]
[i2.wp.com/absoftindia.com/wp-content/uploads/2020/05/lXgXkW15RRytT4KZ9JRL_FinancialStatements5af0.jpg]
[i2.wp.com/absoftindia.com/wp-content/uploads/2020/05/Fotolia_110209139_S-693x675-15af0.jpg]
[i0.wp.com/absoftindia.com/wp-content/uploads/2020/01/corporatebuilding5af0.jpg]
[absoftindia.com/blog/index.html]
[absoftindia.com/tallyprime/index5a58.html]
[absoftindia.com/tallyprime/index9f21.html]
[absoftindia.com/tallyprime/index7d75.html]
[absoftindia.com/tallyprime/index9a7b.html]
[absoftindia.com/tallyprime/indexd2b8.html]
[absoftindia.com/tallyprime/index32f4.html]
[absoftindia.com/tallyprime/index3081.html]
[absoftindia.com/tag/accounting-principles/feed/index.html]
[absoftindia.com/wp-json/wp/v2/tags/86.json]
[absoftindia.com/tag/accounting-principles/index.html]
[absoftindia.com/wp-json/wp/v2/tags/96.json]
[absoftindia.com/tag/accounting-software/index.html]
[absoftindia.com/tag/accounting-software/feed/index.html]
[absoftindia.com/wp-json/wp/v2/tags/123.json]
[absoftindia.com/tag/audit-trail/index.html]
[absoftindia.com/tag/audit-trail/feed/index.html]
[absoftindia.com/wp-json/wp/v2/tags/120.json]
[absoftindia.com/tag/e-invoicing/index.html]
[absoftindia.com/tag/e-invoicing/feed/index.html]
[absoftindia.com/tag/einvoicing/feed/index.html]
[absoftindia.com/wp-json/wp/v2/tags/118.json]
[i0.wp.com/absoftindia.com/wp-content/uploads/2018/10/add-on-1d2fd.png]
[absoftindia.com/tag/einvoicing/index.html]
[absoftindia.com/tag/gst-return-software/feed/index.html]
[absoftindia.com/wp-json/wp/v2/tags/54.json]
[absoftindia.com/tag/gst-return-software/index.html]
[absoftindia.com/tag/gst-software/feed/index.html]
[absoftindia.com/wp-json/wp/v2/tags/53.json]
[absoftindia.com/tag/gst-software/index.html]
[absoftindia.com/tag/online-invoicing/feed/index.html]
[absoftindia.com/wp-json/wp/v2/tags/119.json]
[absoftindia.com/tag/online-invoicing/index.html]
[absoftindia.com/wp-json/wp/v2/tags/49.json]
[absoftindia.com/tag/tally-amc-services/index.html]
[absoftindia.com/tag/tally-amc-services/feed/index.html]
[absoftindia.com/tag/tally-audit-trail/feed/index.html]
[absoftindia.com/wp-json/wp/v2/tags/124.json]
[absoftindia.com/tag/tally-audit-trail/index.html]
[absoftindia.com/tag/tally-corporate-training/feed/index.html]
[absoftindia.com/wp-json/wp/v2/tags/51.json]
[absoftindia.com/tag/tally-corporate-training/index.html]
[absoftindia.com/wp-json/wp/v2/tags/46.json]
[absoftindia.com/tag/tally-erp-9/index.html]
[absoftindia.com/tag/tally-erp-9/feed/index.html]
[absoftindia.com/tag/tally-erp-9-download/feed/index.html]
[absoftindia.com/wp-json/wp/v2/tags/47.json]
[absoftindia.com/tag/tally-erp-9-download/index.html]
[absoftindia.com/tag/tally-onsite-support/feed/index.html]
[absoftindia.com/wp-json/wp/v2/tags/58.json]
[absoftindia.com/tag/tally-onsite-support/index.html]
[absoftindia.com/tag/tally-prime/feed/index.html]
[absoftindia.com/wp-json/wp/v2/tags/115.json]
[absoftindia.com/tag/tally-prime/index.html]
[absoftindia.com/wp-json/wp/v2/tags/121.json]
[absoftindia.com/tag/tally-prime-demo/index.html]
[absoftindia.com/tag/tally-prime-demo/feed/index.html]
[absoftindia.com/wp-json/wp/v2/tags/122.json]
[absoftindia.com/tag/tally-prime-download/index.html]
[absoftindia.com/tag/tally-prime-download/feed/index.html]
[absoftindia.com/tag/tally-prime-partner/feed/index.html]
[absoftindia.com/wp-json/wp/v2/tags/117.json]
[absoftindia.com/tag/tally-prime-partner/index.html]
[absoftindia.com/wp-json/wp/v2/tags/116.json]
[absoftindia.com/tag/tally-prime-partner-in-dombivli/index.html]
[absoftindia.com/tag/tally-prime-partner-in-dombivli/feed/index.html]
[absoftindia.com/wp-json/wp/v2/tags/52.json]
[absoftindia.com/tag/tally-remote-support/index.html]
[absoftindia.com/tag/tally-remote-support/feed/index.html]
[absoftindia.com/wp-json/wp/v2/tags/93.json]
[absoftindia.com/tag/tally-sales-ambarnath/index.html]
[absoftindia.com/tag/tally-sales-ambarnath/feed/index.html]
[absoftindia.com/tag/tally-sales-badlapur/feed/index.html]
[absoftindia.com/wp-json/wp/v2/tags/94.json]
[absoftindia.com/tag/tally-sales-badlapur/index.html]
[absoftindia.com/wp-json/wp/v2/tags/91.json]
[absoftindia.com/tag/tally-sales-dombivli/index.html]
[absoftindia.com/tag/tally-sales-dombivli/feed/index.html]
[absoftindia.com/wp-json/wp/v2/tags/92.json]
[absoftindia.com/tag/tally-sales-kalyan/index.html]
[absoftindia.com/tag/tally-sales-kalyan/feed/index.html]
[absoftindia.com/tag/tally-sales-navi-mumbai/feed/index.html]
[absoftindia.com/wp-json/wp/v2/tags/95.json]
[absoftindia.com/tag/tally-sales-navi-mumbai/index.html]
[absoftindia.com/tag/tally-software-support/feed/index.html]
[absoftindia.com/wp-json/wp/v2/tags/48.json]
[absoftindia.com/tag/tally-software-support/index.html]
[absoftindia.com/tag/tally-support-onsite/feed/index.html]
[absoftindia.com/wp-json/wp/v2/tags/55.json]
[absoftindia.com/tag/tally-support-onsite/index.html]
[absoftindia.com/wp-json/wp/v2/tags/50.json]
[absoftindia.com/tag/tally-training-provider/index.html]
[absoftindia.com/tag/tally-training-provider/feed/index.html]
[absoftindia.com/tag/voucher-alteration-history/feed/index.html]
[absoftindia.com/wp-json/wp/v2/tags/125.json]
[absoftindia.com/tag/voucher-alteration-history/index.html]
[c0.wp.com/p/woocommerce/5.3.3/assets/css/photoswipe/default-skin/default-skin.png]
[c0.wp.com/p/woocommerce/5.3.3/assets/css/photoswipe/photoswipe.min.css]
[c0.wp.com/p/woocommerce/5.3.3/assets/css/photoswipe/default-skin/default-skin.svg]
[c0.wp.com/p/woocommerce/5.3.3/assets/css/photoswipe/default-skin/preloader.gif]
[c0.wp.com/p/woocommerce/5.3.3/assets/css/photoswipe/default-skin/default-skin.min.css]
[absoftindia.com/wp-content/plugins/futurio-extra/js/futurio-extra91ce.js]
[js.hs-scripts.com/401132798707.json]
[absoftindia.com/wp-content/plugins/elementor/assets/lib/font-awesome/fonts/fontawesome-webfont3e6e.svg]
[absoftindia.com/wp-content/plugins/woolentor-addons/assets/fonts/Simple-Line-Iconsb26c.svg]
[absoftindia.com/wp-content/plugins/woocommerce/assets/fonts/WooCommerce.svg]
[absoftindia.com/wp-content/plugins/elementor/assets/lib/eicons/fonts/eiconsa481.svg]
[absoftindia.com/wp-content/plugins/elementor/assets/lib/font-awesome/webfonts/fa-brands-400.svg]
[absoftindia.com/wp-content/plugins/elementor/assets/lib/font-awesome/webfonts/fa-regular-400.svg]
[absoftindia.com/wp-content/plugins/elementor/assets/lib/font-awesome/webfonts/fa-solid-900.svg]
[absoftindia.com/wp-content/uploads/2023/11/do-more-section-bg-img.svg]
[absoftindia.com/wp-content/uploads/2023/11/do-more-with-tally-prime-bg-1.svg]
[absoftindia.com/wp-content/uploads/2023/11/do-more-with-tally-prime-bg-2.svg]
[absoftindia.com/wp-content/uploads/elementor/css/post-109453b.css]
[absoftindia.com/wp-content/uploads/2024/03/anywhere-anytime-and-secure-access.svg]
[absoftindia.com/wp-content/plugins/elementor/assets/lib/font-awesome/css/fontawesome.min9e0b.css]
[absoftindia.com/wp-content/plugins/elementor/assets/lib/font-awesome/css/brands.min9e0b.css]
[absoftindia.com/wp-content/plugins/elementor/assets/lib/font-awesome/css/regular.min9e0b.css]
[absoftindia.com/wp-content/plugins/elementor/assets/lib/font-awesome/css/solid.min9e0b.css]
[absoftindia.com/wp-content/plugins/woolentor-addons/assets/css/testimonial6fca.css]
[absoftindia.com/wp-content/uploads/elementor/css/post-36052c03.css]
[c0.wp.com/p/woocommerce/5.3.3/assets/css/select2.css]
[absoftindia.com/wp-content/uploads/elementor/css/post-2615f09.css]
[absoftindia.com/wp-content/plugins/ajax-search-for-woocommerce/assets/img/preloader.gif]
[absoftindia.com/wp-json/wp/v2/pages/257.json]
[absoftindia.com/wp-json/oembed/1.0/embedbc3c.json]
[absoftindia.com/wp-json/oembed/1.0/embeda80c]
[absoftindia.com/message-from-ceo/index.html]
[absoftindia.com/about-us/index5a58.html]
[absoftindia.com/about-us/index9f21.html]
[absoftindia.com/about-us/index7d75.html]
[absoftindia.com/about-us/index9a7b.html]
[absoftindia.com/about-us/indexd2b8.html]
[absoftindia.com/about-us/index32f4.html]
[absoftindia.com/about-us/index3081.html]
[absoftindia.com/wp-content/uploads/2023/12/Tally-img-2-1.jpg]
[absoftindia.com/wp-content/uploads/2023/12/Background-1-1.jpg]
[absoftindia.com/wp-content/uploads/2023/07/blue-geometric-shape-geometry-rectangle-geometry-box-removebg-preview.png]
[absoftindia.com/wp-content/uploads/elementor/css/post-4222e2ce.css]
[absoftindia.com/wp-content/uploads/elementor/css/post-316944da.css]
[absoftindia.com/wp-content/uploads/elementor/css/post-31893f07.css]
[absoftindia.com/wp-content/uploads/elementor/css/post-2344f8a7.css]
[absoftindia.com/wp-content/uploads/2022/11/Icon-4-Blue.svg]
[absoftindia.com/tally-prime-server/index5a58.html]
[absoftindia.com/tally-prime-server/index9f21.html]
[absoftindia.com/tally-prime-server/index7d75.html]
[absoftindia.com/tally-prime-server/index9a7b.html]
[absoftindia.com/tally-prime-server/indexd2b8.html]
[absoftindia.com/tally-prime-server/index32f4.html]
[absoftindia.com/tally-prime-server/index3081.html]
[absoftindia.com/wp-content/uploads/elementor/css/post-36389527.css]
[absoftindia.com/wp-content/uploads/elementor/css/post-239196d5.css]
[absoftindia.com/bizanalyst/index5a58.html]
[absoftindia.com/bizanalyst/index9f21.html]
[absoftindia.com/bizanalyst/index7d75.html]
[absoftindia.com/bizanalyst/index9a7b.html]
[absoftindia.com/bizanalyst/indexd2b8.html]
[absoftindia.com/bizanalyst/index32f4.html]
[absoftindia.com/bizanalyst/index3081.html]
[absoftindia.com/wp-content/uploads/2023/07/spine_softwarebg.png]
[absoftindia.com/wp-content/uploads/elementor/css/post-2617d792.css]
[absoftindia.com/spine_software/index5a58.html]
[absoftindia.com/spine_software/index9f21.html]
[absoftindia.com/spine_software/index7d75.html]
[absoftindia.com/spine_software/index9a7b.html]
[absoftindia.com/spine_software/indexd2b8.html]
[absoftindia.com/spine_software/index32f4.html]
[absoftindia.com/spine_software/index3081.html]
[absoftindia.com/wp-content/uploads/2023/06/tally-aws.jpg]
[absoftindia.com/wp-content/uploads/elementor/css/post-3822f6d2.css]
[absoftindia.com/tally-on-cloud/index5a58.html]
[absoftindia.com/tally-on-cloud/index9f21.html]
[absoftindia.com/tally-on-cloud/index7d75.html]
[absoftindia.com/tally-on-cloud/index9a7b.html]
[absoftindia.com/tally-on-cloud/indexd2b8.html]
[absoftindia.com/tally-on-cloud/index32f4.html]
[absoftindia.com/tally-on-cloud/index3081.html]
[absoftindia.com/wp-content/uploads/elementor/css/post-382737ab.css]
[absoftindia.com/wp-content/uploads/2023/06/cloud-computing-1.svg]
[absoftindia.com/tallyprime-aws/index5a58.html]
[absoftindia.com/tallyprime-aws/index9f21.html]
[absoftindia.com/tallyprime-aws/index7d75.html]
[absoftindia.com/tallyprime-aws/index9a7b.html]
[absoftindia.com/tallyprime-aws/indexd2b8.html]
[absoftindia.com/tallyprime-aws/index32f4.html]
[absoftindia.com/tallyprime-aws/index3081.html]
[absoftindia.com/wp-content/uploads/elementor/css/post-269ac2f.css]
[absoftindia.com/tally-support-onsite-remote/index5a58.html]
[absoftindia.com/tally-support-onsite-remote/index9f21.html]
[absoftindia.com/tally-support-onsite-remote/index7d75.html]
[absoftindia.com/tally-support-onsite-remote/index9a7b.html]
[absoftindia.com/tally-support-onsite-remote/indexd2b8.html]
[absoftindia.com/tally-support-onsite-remote/index32f4.html]
[absoftindia.com/tally-support-onsite-remote/index3081.html]
[absoftindia.com/wp-content/uploads/elementor/css/post-10061f6c.css]
[absoftindia.com/tally-amc/index5a58.html]
[absoftindia.com/tally-amc/index9f21.html]
[absoftindia.com/tally-amc/index7d75.html]
[absoftindia.com/tally-amc/index9a7b.html]
[absoftindia.com/tally-amc/indexd2b8.html]
[absoftindia.com/tally-amc/index32f4.html]
[absoftindia.com/tally-amc/index3081.html]
[absoftindia.com/wp-content/uploads/elementor/css/post-271f2a0.css]
[absoftindia.com/tally-training/index5a58.html]
[absoftindia.com/tally-training/index9f21.html]
[absoftindia.com/tally-training/index7d75.html]
[absoftindia.com/tally-training/index9a7b.html]
[absoftindia.com/tally-training/indexd2b8.html]
[absoftindia.com/tally-training/index32f4.html]
[absoftindia.com/tally-training/index3081.html]
[absoftindia.com/wp-content/uploads/2019/01/smiling-executive-using-headset_1098-527.jpg]
[absoftindia.com/wp-content/uploads/elementor/css/post-27355c2.css]
[absoftindia.com/tally-customization/index5a58.html]
[absoftindia.com/tally-customization/index9f21.html]
[absoftindia.com/tally-customization/index7d75.html]
[absoftindia.com/tally-customization/index9a7b.html]
[absoftindia.com/tally-customization/indexd2b8.html]
[absoftindia.com/tally-customization/index32f4.html]
[absoftindia.com/tally-customization/index3081.html]
[absoftindia.com/wp-content/uploads/2022/11/Benefits-of-Knowledge-Base-for-Call-Centers.jpg]
[absoftindia.com/wp-content/uploads/elementor/css/post-2395fe6a.css]
[absoftindia.com/hris-payroll/index5a58.html]
[absoftindia.com/hris-payroll/index9f21.html]
[absoftindia.com/hris-payroll/index7d75.html]
[absoftindia.com/hris-payroll/index9a7b.html]
[absoftindia.com/hris-payroll/indexd2b8.html]
[absoftindia.com/hris-payroll/index32f4.html]
[absoftindia.com/hris-payroll/index3081.html]
[absoftindia.com/wp-content/uploads/elementor/css/post-11351d6a.css]
[absoftindia.com/wp-content/uploads/b65aae2f3c1a7a18cc42b1e60253de1b173d.css]
[absoftindia.com/tally-learning/index5a58.html]
[absoftindia.com/tally-learning/index9f21.html]
[absoftindia.com/tally-learning/index7d75.html]
[absoftindia.com/tally-learning/index9a7b.html]
[absoftindia.com/tally-learning/indexd2b8.html]
[absoftindia.com/tally-learning/index32f4.html]
[absoftindia.com/tally-learning/index3081.html]
[futuriodemos.com/woocommerce-fashion/wp-content/uploads/sites/4/2018/10/sydney-opera-house-3381786_1920.1c9.delayed]
[absoftindia.com/wp-content/uploads/elementor/css/post-153fdb4.css]
[absoftindia.com/contact/index5a58.html]
[absoftindia.com/contact/index9f21.html]
[absoftindia.com/contact/index7d75.html]
[absoftindia.com/contact/index9a7b.html]
[absoftindia.com/contact/indexd2b8.html]
[absoftindia.com/contact/index32f4.html]
[absoftindia.com/contact/index3081.html]
[absoftindia.com/wp-content/uploads/elementor/css/post-12099ab1.css]
[absoftindia.com/faq/index5a58.html]
[absoftindia.com/faq/index9f21.html]
[absoftindia.com/faq/index7d75.html]
[absoftindia.com/faq/index9a7b.html]
[absoftindia.com/faq/indexd2b8.html]
[absoftindia.com/faq/index32f4.html]
[absoftindia.com/faq/index3081.html]
[absoftindia.com/wp-content/uploads/elementor/css/post-29799d9.css]
[absoftindia.com/careers/index5a58.html]
[absoftindia.com/careers/index9f21.html]
[absoftindia.com/careers/index7d75.html]
[absoftindia.com/careers/index9a7b.html]
[absoftindia.com/careers/indexd2b8.html]
[absoftindia.com/careers/index32f4.html]
[absoftindia.com/careers/index3081.html]
[absoftindia.com/blog/page/2/index.html]
[absoftindia.com/basic-accounting-principles/feed/index.html]
[absoftindia.com/wp-json/wp/v2/posts/1236.json]
[absoftindia.com/wp-json/oembed/1.0/embededab.json]
[absoftindia.com/wp-json/oembed/1.0/embed29d9]
[i2.wp.com/absoftindia.com/wp-content/uploads/2020/05/1402798_3e7adc7a.jpg]
[i1.wp.com/absoftindia.com/wp-content/uploads/2020/05/blog13c2b.jpg]
[absoftindia.com/wp-content/plugins/akismet/_inc/form5fa1.js]
[absoftindia.com/basic-accounting-principles/index.html]
[absoftindia.com/wp-json/wp/v2/users/1.json]
[absoftindia.com/author/arun/index.html]
[absoftindia.com/wp-json/wp/v2/posts/1243.json]
[absoftindia.com/author/arun/feed/index.html]
[absoftindia.com/what-is-accounting/feed/index.html]
[absoftindia.com/wp-json/oembed/1.0/embed0aa8.json]
[absoftindia.com/wp-json/oembed/1.0/embedeb61]
[i2.wp.com/absoftindia.com/wp-content/uploads/2020/05/lXgXkW15RRytT4KZ9JRL_FinancialStatementsc28c.jpg]
[absoftindia.com/what-is-accounting/index.html]
[absoftindia.com/wp-json/wp/v2/posts/1241.json]
[absoftindia.com/all-about-financial-statements/feed/index.html]
[absoftindia.com/wp-json/oembed/1.0/embeddb1d.json]
[absoftindia.com/wp-json/oembed/1.0/embed8a19]
[i2.wp.com/absoftindia.com/wp-content/uploads/2020/05/Fotolia_110209139_S-693x675-118e2.jpg]
[absoftindia.com/all-about-financial-statements/index.html]
[absoftindia.com/wp-json/wp/v2/posts/828.json]
[absoftindia.com/how-computerised-accounts-can-help-your-business-under-gst/feed/index.html]
[absoftindia.com/wp-json/oembed/1.0/embed27ba.json]
[absoftindia.com/wp-json/oembed/1.0/embed10a4]
[absoftindia.com/how-computerised-accounts-can-help-your-business-under-gst/index.html]
[absoftindia.com/wp-json/wp/v2/posts/826.json]
[absoftindia.com/gst-software/feed/index.html]
[absoftindia.com/wp-json/oembed/1.0/embed2245.json]
[absoftindia.com/wp-json/oembed/1.0/embed8dec]
[i0.wp.com/absoftindia.com/wp-content/uploads/2020/01/corporatebuildinga210.jpg]
[absoftindia.com/gst-software/index.html]
[absoftindia.com/tallyprime/index62e6.html]
[absoftindia.com/wp-json/wp/v2/posts/824.json]
[absoftindia.com/key-features-of-tally-that-business-owners-must-know/feed/index.html]
[absoftindia.com/wp-json/oembed/1.0/embedd0e6.json]
[absoftindia.com/wp-json/oembed/1.0/embed4239]
[i0.wp.com/absoftindia.com/wp-content/uploads/2018/10/add-on-17d9d.png]
[absoftindia.com/key-features-of-tally-that-business-owners-must-know/index.html]
[c0.wp.com/p/woocommerce/5.3.3/assets/css/photoswipe/default-skin/default-skin.svg]
[absoftindia.com/wp-content/uploads/elementor/css/post-2576d2b.css]
[absoftindia.com/message-from-ceo/index5a58.html]
[absoftindia.com/message-from-ceo/index9f21.html]
[absoftindia.com/message-from-ceo/index7d75.html]
[absoftindia.com/message-from-ceo/index9a7b.html]
[absoftindia.com/message-from-ceo/indexd2b8.html]
[absoftindia.com/message-from-ceo/index32f4.html]
[absoftindia.com/message-from-ceo/index3081.html]
[absoftindia.com/about-us/index62e6.html]
[absoftindia.com/tally-prime-server/index62e6.html]
[absoftindia.com/bizanalyst/index62e6.html]
[absoftindia.com/spine_software/index62e6.html]
[absoftindia.com/tally-on-cloud/index62e6.html]
[absoftindia.com/tallyprime-aws/index62e6.html]
[absoftindia.com/tally-support-onsite-remote/index62e6.html]
[absoftindia.com/tally-amc/index62e6.html]
[absoftindia.com/tally-training/index62e6.html]
[absoftindia.com/tally-customization/index62e6.html]
[absoftindia.com/hris-payroll/index62e6.html]
[absoftindia.com/tally-learning/index62e6.html]
[futuriodemos.com/woocommerce-fashion/wp-content/uploads/sites/4/2018/10/sydney-opera-house-3381786_1920.html]
[absoftindia.com/contact/index62e6.html]
[absoftindia.com/faq/index62e6.html]
[absoftindia.com/careers/index62e6.html]
[absoftindia.com/wp-content/uploads/elementor/css/post-12367cf4.css]
[absoftindia.com/xmlrpc.php]
[absoftindia.com/product/tally-erp-9-gold/index.html]
[absoftindia.com/basic-accounting-principles/index5a58.html]
[absoftindia.com/basic-accounting-principles/index9f21.html]
[absoftindia.com/basic-accounting-principles/index7d75.html]
[absoftindia.com/basic-accounting-principles/index9a7b.html]
[absoftindia.com/basic-accounting-principles/indexd2b8.html]
[absoftindia.com/basic-accounting-principles/index32f4.html]
[absoftindia.com/basic-accounting-principles/index3081.html]
[absoftindia.com/wp-json/wp/v2/categories/74.json]
[absoftindia.com/category/accounting/index.html]
[absoftindia.com/category/accounting/feed/index.html]
[absoftindia.com/wp-json/wp/v2/categories/78.json]
[absoftindia.com/category/erp-software/index.html]
[absoftindia.com/author/arun/page/2/index.html]
[absoftindia.com/what-is-accounting/index5a58.html]
[absoftindia.com/what-is-accounting/index9f21.html]
[absoftindia.com/what-is-accounting/index7d75.html]
[absoftindia.com/what-is-accounting/index9a7b.html]
[absoftindia.com/what-is-accounting/indexd2b8.html]
[absoftindia.com/what-is-accounting/index32f4.html]
[absoftindia.com/what-is-accounting/index3081.html]
[absoftindia.com/all-about-financial-statements/index5a58.html]
[absoftindia.com/all-about-financial-statements/index9f21.html]
[absoftindia.com/all-about-financial-statements/index7d75.html]
[absoftindia.com/all-about-financial-statements/index9a7b.html]
[absoftindia.com/all-about-financial-statements/indexd2b8.html]
[absoftindia.com/all-about-financial-statements/index32f4.html]
[absoftindia.com/all-about-financial-statements/index3081.html]
[absoftindia.com/category/erp-software/feed/index.html]
[absoftindia.com/how-computerised-accounts-can-help-your-business-under-gst/index5a58.html]
[absoftindia.com/how-computerised-accounts-can-help-your-business-under-gst/index9f21.html]
[absoftindia.com/how-computerised-accounts-can-help-your-business-under-gst/index7d75.html]
[absoftindia.com/how-computerised-accounts-can-help-your-business-under-gst/index9a7b.html]
[absoftindia.com/how-computerised-accounts-can-help-your-business-under-gst/indexd2b8.html]
[absoftindia.com/how-computerised-accounts-can-help-your-business-under-gst/index32f4.html]
[absoftindia.com/how-computerised-accounts-can-help-your-business-under-gst/index3081.html]
[absoftindia.com/category/gst/feed/index.html]
[absoftindia.com/wp-json/wp/v2/categories/75.json]
[absoftindia.com/category/gst/index.html]
[absoftindia.com/gst-software/index5a58.html]
[absoftindia.com/gst-software/index9f21.html]
[absoftindia.com/gst-software/index7d75.html]
[absoftindia.com/gst-software/index9a7b.html]
[absoftindia.com/gst-software/indexd2b8.html]
[absoftindia.com/gst-software/index32f4.html]
[absoftindia.com/gst-software/index3081.html]
[absoftindia.com/wp-json/wp/v2/categories/76.json]
[absoftindia.com/category/business-guides/index.html]
[absoftindia.com/key-features-of-tally-that-business-owners-must-know/index5a58.html]
[absoftindia.com/key-features-of-tally-that-business-owners-must-know/index9f21.html]
[absoftindia.com/key-features-of-tally-that-business-owners-must-know/index7d75.html]
[absoftindia.com/key-features-of-tally-that-business-owners-must-know/index9a7b.html]
[absoftindia.com/key-features-of-tally-that-business-owners-must-know/indexd2b8.html]
[absoftindia.com/key-features-of-tally-that-business-owners-must-know/index32f4.html]
[absoftindia.com/key-features-of-tally-that-business-owners-must-know/index3081.html]
[absoftindia.com/category/business-guides/feed/index.html]
[absoftindia.com/category/tally/feed/index.html]
[absoftindia.com/wp-json/wp/v2/categories/77.json]
[absoftindia.com/category/tally/index.html]
[absoftindia.com/message-from-ceo/index62e6.html]
[absoftindia.com/basic-accounting-principles/index62e6.html]
[absoftindia.com/what-is-accounting/index62e6.html]
[absoftindia.com/all-about-financial-statements/index62e6.html]
[absoftindia.com/how-computerised-accounts-can-help-your-business-under-gst/index62e6.html]
[absoftindia.com/gst-software/index62e6.html]
[absoftindia.com/key-features-of-tally-that-business-owners-must-know/index62e6.html]
[absoftindia.com/basic-accounting-principles/indexfb4f.html]
[absoftindia.com/what-is-accounting/indexfb4f.html]
[absoftindia.com/all-about-financial-statements/indexfb4f.html]
[absoftindia.com/how-computerised-accounts-can-help-your-business-under-gst/indexfb4f.html]
[absoftindia.com/gst-software/indexfb4f.html]
[absoftindia.com/key-features-of-tally-that-business-owners-must-know/indexfb4f.html]
